// Jest Snapshot v1, https://goo.gl/fbAQLP

exports[`renders title and login icon 1`] = `
<DocumentFragment>
  <header
    class="bg-slate-800 text-slate-100 flex justify-between px-4 border-r border-slate-50"
  >
    <div />
    <h1
      class="flex items-center space-x-3 text-xl font-black tracking-widest"
    >
      <span>
        Hack Ideas
      </span>
      <svg
        aria-hidden="true"
        class="w-6 h-6"
        fill="none"
        stroke="currentColor"
        viewBox="0 0 24 24"
        xmlns="http://www.w3.org/2000/svg"
      >
        <path
          d="M10 20l4-16m4 4l4 4-4 4M6 16l-4-4 4-4"
          stroke-linecap="round"
          stroke-linejoin="round"
          stroke-width="2"
        />
      </svg>
    </h1>
    <a
      href="/login"
    >
      <svg
        aria-hidden="true"
        class=" w-8 h-8"
        data-testid="login"
        fill="none"
        stroke="currentColor"
        viewBox="0 0 24 24"
        xmlns="http://www.w3.org/2000/svg"
      >
        <path
          d="M11 16l-4-4m0 0l4-4m-4 4h14m-5 4v1a3 3 0 01-3 3H6a3 3 0 01-3-3V7a3 3 0 013-3h7a3 3 0 013 3v1"
          stroke-linecap="round"
          stroke-linejoin="round"
          stroke-width="2"
        />
      </svg>
    </a>
  </header>
  <main
    class="md:mx-5 lg:mx-7 xl:mx-64 w-screen p-3"
  >
    <div
      class=" flex flex-col items-center"
    >
      <div
        class=" grid-cols-auto-fit grid w-full gap-2 mb-5"
      >
        <div
          class="flex flex-col space-y-1"
        >
          <div
            class="flex flex-col items-start justify-center w-full"
          >
            <input
              class="pl-2 w-full h-10 rounded border border-slate-300 focus:outline-slate-500 focus:ring-slate-500"
              id="search"
              name="search"
              placeholder="Search By Title"
              type="text"
              value=""
            />
          </div>
        </div>
        <div
          class="scrollbar-hide space-x-1 overflow-x-scroll"
        />
      </div>
      <div
        class="flex w-full mb-2"
      />
      <section
        class="grid-cols-auto-fit grid w-full gap-2"
      >
        <h1
          class="text-center font-semibold "
        >
          Sorry no hacks are currently available.
        </h1>
        <p
          class="italic text-center"
        >
          Waiting for someone to add some hacks
        </p>
      </section>
    </div>
  </main>
</DocumentFragment>
`;
