// Jest Snapshot v1, https://goo.gl/fbAQLP

exports[`renders title and login icon 1`] = `
<DocumentFragment>
  <header
    class="bg-slate-800 text-slate-100 flex justify-between px-4 border-r border-slate-50"
  >
    <div />
    <h1
      class="flex items-center space-x-3 text-xl font-black tracking-widest"
    >
      <span>
        Hack Ideas
      </span>
      <svg
        aria-hidden="true"
        class="w-6 h-6"
        fill="none"
        stroke="currentColor"
        viewBox="0 0 24 24"
        xmlns="http://www.w3.org/2000/svg"
      >
        <path
          d="M10 20l4-16m4 4l4 4-4 4M6 16l-4-4 4-4"
          stroke-linecap="round"
          stroke-linejoin="round"
          stroke-width="2"
        />
      </svg>
    </h1>
    <a
      href="/login"
    >
      <svg
        aria-hidden="true"
        class=" w-8 h-8"
        data-testid="login"
        fill="none"
        id="login"
        stroke="currentColor"
        viewBox="0 0 24 24"
        xmlns="http://www.w3.org/2000/svg"
      >
        <path
          d="M11 16l-4-4m0 0l4-4m-4 4h14m-5 4v1a3 3 0 01-3 3H6a3 3 0 01-3-3V7a3 3 0 013-3h7a3 3 0 013 3v1"
          stroke-linecap="round"
          stroke-linejoin="round"
          stroke-width="2"
        />
      </svg>
    </a>
  </header>
  <main
    class="md:mx-5 lg:mx-7 xl:mx-64 p-3"
  >
    <div
      class=" flex flex-col items-center"
    >
      <div
        class=" grid w-full gap-2 mb-5"
      >
        <div
          class="flex flex-col space-y-1"
        >
          <div
            class="flex flex-col items-start justify-center w-full"
          >
            <input
              class="pl-2 w-full h-10 rounded border border-slate-300 focus:outline-slate-500 focus:ring-slate-500"
              id="search"
              name="search"
              placeholder="Search By Title"
              type="text"
              value=""
            />
          </div>
        </div>
        <div
          class="scrollbar-hide space-x-1 overflow-x-scroll"
        >
          <span
            class=" whitespace-nowrap px-4 py-1 text-xs rounded-md bg-slate-200 text-gray-600"
            data-testid="tag-0"
          >
            recursion
          </span>
          <span
            class=" whitespace-nowrap px-4 py-1 text-xs rounded-md bg-slate-200 text-gray-600"
            data-testid="tag-1"
          >
            math fundamentals
          </span>
          <span
            class=" whitespace-nowrap px-4 py-1 text-xs rounded-md bg-slate-200 text-gray-600"
            data-testid="tag-2"
          >
            data structures
          </span>
          <span
            class=" whitespace-nowrap px-4 py-1 text-xs rounded-md bg-slate-200 text-gray-600"
            data-testid="tag-3"
          >
            advanced
          </span>
          <span
            class=" whitespace-nowrap px-4 py-1 text-xs rounded-md bg-slate-200 text-gray-600"
            data-testid="tag-4"
          >
            binary search
          </span>
          <span
            class=" whitespace-nowrap px-4 py-1 text-xs rounded-md bg-slate-200 text-gray-600"
            data-testid="tag-5"
          >
            intermediate
          </span>
        </div>
      </div>
      <div
        class="flex w-full mb-2"
      >
        <div
          class="hover:cursor-pointer border-slate-800 flex items-center px-2 space-x-2 border"
          id="mostLiked"
        >
          <span
            class="border-r-slate-800 text-sm md:text-base whitespace-nowrap pr-1 border"
          >
            Most Liked
          </span>
          <svg
            aria-hidden="true"
            class="w-5 h-5"
            fill="none"
            stroke="currentColor"
            viewBox="0 0 24 24"
            xmlns="http://www.w3.org/2000/svg"
          >
            <path
              d="M8 7l4-4m0 0l4 4m-4-4v18"
              stroke-linecap="round"
              stroke-linejoin="round"
              stroke-width="2"
            />
          </svg>
        </div>
        <div
          class="hover:cursor-pointer border-slate-800 flex items-center px-2 space-x-2 border"
          id="createdAt"
        >
          <span
            class="border-r-slate-800 text-sm md:text-base whitespace-nowrap pr-1 border"
          >
            Created At
          </span>
          <svg
            aria-hidden="true"
            class="w-5 h-5"
            fill="none"
            stroke="currentColor"
            viewBox="0 0 24 24"
            xmlns="http://www.w3.org/2000/svg"
          >
            <path
              d="M8 7l4-4m0 0l4 4m-4-4v18"
              stroke-linecap="round"
              stroke-linejoin="round"
              stroke-width="2"
            />
          </svg>
        </div>
      </div>
      <section
        class="grid-cols-auto-fit grid w-full gap-2"
      >
        <div
          class="group border-slate-800 hover:bg-slate-200 bg-slate-50 text-slate-800 hover:cursor-pointer min-w-[350px] sm:min-w-sm p-4 space-y-1 border rounded shadow"
        >
          <div
            class="flex justify-between"
          >
            <div
              class="text-lg font-bold"
            >
              Challenge 2
            </div>
            <div
              class="flex space-x-1"
            >
              <span
                data-testid="likes-count"
              >
                2
              </span>
              <svg
                aria-hidden="true"
                class="text-red-600 w-5 h-5"
                data-testid="button-like"
                fill="none"
                id="like-2"
                stroke="currentColor"
                viewBox="0 0 24 24"
                xmlns="http://www.w3.org/2000/svg"
              >
                <path
                  d="M14 10h4.764a2 2 0 011.789 2.894l-3.5 7A2 2 0 0115.263 21h-4.017c-.163 0-.326-.02-.485-.06L7 20m7-10V5a2 2 0 00-2-2h-.095c-.5 0-.905.405-.905.905 0 .714-.211 1.412-.608 2.006L7 11v9m7-10h-2M7 20H5a2 2 0 01-2-2v-6a2 2 0 012-2h2.5"
                  stroke-linecap="round"
                  stroke-linejoin="round"
                  stroke-width="2"
                />
              </svg>
            </div>
          </div>
          <p
            class="text-ellipsis whitespace-nowrap overflow-hidden"
          >
            Test your coding skills
          </p>
          <div
            class="group-hover:opacity-100 flex justify-between text-sm transition duration-300 ease-in-out opacity-0"
          >
            <span>
              <i>
                Tue Feb 15 2022
              </i>
            </span>
          </div>
          <div
            class="space-x-1 overflow-hidden"
          >
            <span
              class="bg-slate-200 group-hover:bg-slate-50 whitespace-nowrap px-4 py-1 text-xs text-gray-600 rounded-md"
            >
              math fundamentals
            </span>
          </div>
        </div>
        <div
          class="group border-slate-800 hover:bg-slate-200 bg-slate-50 text-slate-800 hover:cursor-pointer min-w-[350px] sm:min-w-sm p-4 space-y-1 border rounded shadow"
        >
          <div
            class="flex justify-between"
          >
            <div
              class="text-lg font-bold"
            >
              Jan Circuits '22
            </div>
            <div
              class="flex space-x-1"
            >
              <span
                data-testid="likes-count"
              >
                2
              </span>
              <svg
                aria-hidden="true"
                class="text-red-600 w-5 h-5"
                data-testid="button-like"
                fill="none"
                id="like-1"
                stroke="currentColor"
                viewBox="0 0 24 24"
                xmlns="http://www.w3.org/2000/svg"
              >
                <path
                  d="M14 10h4.764a2 2 0 011.789 2.894l-3.5 7A2 2 0 0115.263 21h-4.017c-.163 0-.326-.02-.485-.06L7 20m7-10V5a2 2 0 00-2-2h-.095c-.5 0-.905.405-.905.905 0 .714-.211 1.412-.608 2.006L7 11v9m7-10h-2M7 20H5a2 2 0 01-2-2v-6a2 2 0 012-2h2.5"
                  stroke-linecap="round"
                  stroke-linejoin="round"
                  stroke-width="2"
                />
              </svg>
            </div>
          </div>
          <p
            class="text-ellipsis whitespace-nowrap overflow-hidden"
          >
            Solve a challenge and win exiting prizes 🎉
          </p>
          <div
            class="group-hover:opacity-100 flex justify-between text-sm transition duration-300 ease-in-out opacity-0"
          >
            <span>
              <i>
                Sat Feb 12 2022
              </i>
            </span>
          </div>
          <div
            class="space-x-1 overflow-hidden"
          >
            <span
              class="bg-slate-200 group-hover:bg-slate-50 whitespace-nowrap px-4 py-1 text-xs text-gray-600 rounded-md"
            >
              recursion
            </span>
            <span
              class="bg-slate-200 group-hover:bg-slate-50 whitespace-nowrap px-4 py-1 text-xs text-gray-600 rounded-md"
            >
              math fundamentals
            </span>
            <span
              class="bg-slate-200 group-hover:bg-slate-50 whitespace-nowrap px-4 py-1 text-xs text-gray-600 rounded-md"
            >
              data structures
            </span>
          </div>
        </div>
      </section>
    </div>
  </main>
</DocumentFragment>
`;
